  Identification des projets à restaurer...
  Tous les projets sont à jour pour la restauration.
E:\PROJECTS\GITHUB\atlas-assistant\src\Atlas.Core\Providers\GeminiProvider.cs(27,32): error CS0234: Le nom de type ou d'espace de noms 'Wrap' n'existe pas dans l'espace de noms 'Atlas.Core.Cli' (vous manque-t-il une référence d'assembly ?) [E:\PROJECTS\GITHUB\atlas-assistant\src\Atlas.Core\Atlas.Core.csproj]
E:\PROJECTS\GITHUB\atlas-assistant\src\Atlas.Core\Helpers\NodeJsDetector.cs(20,32): error CS0234: Le nom de type ou d'espace de noms 'Wrap' n'existe pas dans l'espace de noms 'Atlas.Core.Cli' (vous manque-t-il une référence d'assembly ?) [E:\PROJECTS\GITHUB\atlas-assistant\src\Atlas.Core\Atlas.Core.csproj]
E:\PROJECTS\GITHUB\atlas-assistant\src\Atlas.Core\Installers\CodexInstaller.cs(38,32): error CS0234: Le nom de type ou d'espace de noms 'Wrap' n'existe pas dans l'espace de noms 'Atlas.Core.Cli' (vous manque-t-il une référence d'assembly ?) [E:\PROJECTS\GITHUB\atlas-assistant\src\Atlas.Core\Atlas.Core.csproj]
E:\PROJECTS\GITHUB\atlas-assistant\src\Atlas.Core\Installers\ClaudeInstaller.cs(38,32): error CS0234: Le nom de type ou d'espace de noms 'Wrap' n'existe pas dans l'espace de noms 'Atlas.Core.Cli' (vous manque-t-il une référence d'assembly ?) [E:\PROJECTS\GITHUB\atlas-assistant\src\Atlas.Core\Atlas.Core.csproj]
E:\PROJECTS\GITHUB\atlas-assistant\src\Atlas.Core\Installers\CodexInstaller.cs(81,32): error CS0234: Le nom de type ou d'espace de noms 'Wrap' n'existe pas dans l'espace de noms 'Atlas.Core.Cli' (vous manque-t-il une référence d'assembly ?) [E:\PROJECTS\GITHUB\atlas-assistant\src\Atlas.Core\Atlas.Core.csproj]
E:\PROJECTS\GITHUB\atlas-assistant\src\Atlas.Core\Installers\ClaudeInstaller.cs(77,19): error CS0234: Le nom de type ou d'espace de noms 'Wrap' n'existe pas dans l'espace de noms 'Atlas.Core.Cli' (vous manque-t-il une référence d'assembly ?) [E:\PROJECTS\GITHUB\atlas-assistant\src\Atlas.Core\Atlas.Core.csproj]
E:\PROJECTS\GITHUB\atlas-assistant\src\Atlas.Core\Providers\CommandHelper.cs(18,32): error CS0234: Le nom de type ou d'espace de noms 'Wrap' n'existe pas dans l'espace de noms 'Atlas.Core.Cli' (vous manque-t-il une référence d'assembly ?) [E:\PROJECTS\GITHUB\atlas-assistant\src\Atlas.Core\Atlas.Core.csproj]
E:\PROJECTS\GITHUB\atlas-assistant\src\Atlas.Core\Providers\CopilotProvider.cs(27,32): error CS0234: Le nom de type ou d'espace de noms 'Wrap' n'existe pas dans l'espace de noms 'Atlas.Core.Cli' (vous manque-t-il une référence d'assembly ?) [E:\PROJECTS\GITHUB\atlas-assistant\src\Atlas.Core\Atlas.Core.csproj]
E:\PROJECTS\GITHUB\atlas-assistant\src\Atlas.Core\Providers\ClaudeProvider.cs(27,32): error CS0234: Le nom de type ou d'espace de noms 'Wrap' n'existe pas dans l'espace de noms 'Atlas.Core.Cli' (vous manque-t-il une référence d'assembly ?) [E:\PROJECTS\GITHUB\atlas-assistant\src\Atlas.Core\Atlas.Core.csproj]
E:\PROJECTS\GITHUB\atlas-assistant\src\Atlas.Core\Skills\ShellCommandSkill.cs(63,32): error CS0234: Le nom de type ou d'espace de noms 'Wrap' n'existe pas dans l'espace de noms 'Atlas.Core.Cli' (vous manque-t-il une référence d'assembly ?) [E:\PROJECTS\GITHUB\atlas-assistant\src\Atlas.Core\Atlas.Core.csproj]
E:\PROJECTS\GITHUB\atlas-assistant\src\Atlas.Core\Installers\GeminiInstaller.cs(38,32): error CS0234: Le nom de type ou d'espace de noms 'Wrap' n'existe pas dans l'espace de noms 'Atlas.Core.Cli' (vous manque-t-il une référence d'assembly ?) [E:\PROJECTS\GITHUB\atlas-assistant\src\Atlas.Core\Atlas.Core.csproj]
E:\PROJECTS\GITHUB\atlas-assistant\src\Atlas.Core\Installers\CopilotInstaller.cs(38,33): error CS0234: Le nom de type ou d'espace de noms 'Wrap' n'existe pas dans l'espace de noms 'Atlas.Core.Cli' (vous manque-t-il une référence d'assembly ?) [E:\PROJECTS\GITHUB\atlas-assistant\src\Atlas.Core\Atlas.Core.csproj]
E:\PROJECTS\GITHUB\atlas-assistant\src\Atlas.Core\Providers\CodexProvider.cs(30,32): error CS0234: Le nom de type ou d'espace de noms 'Wrap' n'existe pas dans l'espace de noms 'Atlas.Core.Cli' (vous manque-t-il une référence d'assembly ?) [E:\PROJECTS\GITHUB\atlas-assistant\src\Atlas.Core\Atlas.Core.csproj]
E:\PROJECTS\GITHUB\atlas-assistant\src\Atlas.Core\Providers\CodexProvider.cs(38,32): error CS0234: Le nom de type ou d'espace de noms 'Wrap' n'existe pas dans l'espace de noms 'Atlas.Core.Cli' (vous manque-t-il une référence d'assembly ?) [E:\PROJECTS\GITHUB\atlas-assistant\src\Atlas.Core\Atlas.Core.csproj]
E:\PROJECTS\GITHUB\atlas-assistant\src\Atlas.Core\Installers\CopilotInstaller.cs(64,32): error CS0234: Le nom de type ou d'espace de noms 'Wrap' n'existe pas dans l'espace de noms 'Atlas.Core.Cli' (vous manque-t-il une référence d'assembly ?) [E:\PROJECTS\GITHUB\atlas-assistant\src\Atlas.Core\Atlas.Core.csproj]

ÉCHEC de la build.

E:\PROJECTS\GITHUB\atlas-assistant\src\Atlas.Core\Providers\GeminiProvider.cs(27,32): error CS0234: Le nom de type ou d'espace de noms 'Wrap' n'existe pas dans l'espace de noms 'Atlas.Core.Cli' (vous manque-t-il une référence d'assembly ?) [E:\PROJECTS\GITHUB\atlas-assistant\src\Atlas.Core\Atlas.Core.csproj]
E:\PROJECTS\GITHUB\atlas-assistant\src\Atlas.Core\Helpers\NodeJsDetector.cs(20,32): error CS0234: Le nom de type ou d'espace de noms 'Wrap' n'existe pas dans l'espace de noms 'Atlas.Core.Cli' (vous manque-t-il une référence d'assembly ?) [E:\PROJECTS\GITHUB\atlas-assistant\src\Atlas.Core\Atlas.Core.csproj]
E:\PROJECTS\GITHUB\atlas-assistant\src\Atlas.Core\Installers\CodexInstaller.cs(38,32): error CS0234: Le nom de type ou d'espace de noms 'Wrap' n'existe pas dans l'espace de noms 'Atlas.Core.Cli' (vous manque-t-il une référence d'assembly ?) [E:\PROJECTS\GITHUB\atlas-assistant\src\Atlas.Core\Atlas.Core.csproj]
E:\PROJECTS\GITHUB\atlas-assistant\src\Atlas.Core\Installers\ClaudeInstaller.cs(38,32): error CS0234: Le nom de type ou d'espace de noms 'Wrap' n'existe pas dans l'espace de noms 'Atlas.Core.Cli' (vous manque-t-il une référence d'assembly ?) [E:\PROJECTS\GITHUB\atlas-assistant\src\Atlas.Core\Atlas.Core.csproj]
E:\PROJECTS\GITHUB\atlas-assistant\src\Atlas.Core\Installers\CodexInstaller.cs(81,32): error CS0234: Le nom de type ou d'espace de noms 'Wrap' n'existe pas dans l'espace de noms 'Atlas.Core.Cli' (vous manque-t-il une référence d'assembly ?) [E:\PROJECTS\GITHUB\atlas-assistant\src\Atlas.Core\Atlas.Core.csproj]
E:\PROJECTS\GITHUB\atlas-assistant\src\Atlas.Core\Installers\ClaudeInstaller.cs(77,19): error CS0234: Le nom de type ou d'espace de noms 'Wrap' n'existe pas dans l'espace de noms 'Atlas.Core.Cli' (vous manque-t-il une référence d'assembly ?) [E:\PROJECTS\GITHUB\atlas-assistant\src\Atlas.Core\Atlas.Core.csproj]
E:\PROJECTS\GITHUB\atlas-assistant\src\Atlas.Core\Providers\CommandHelper.cs(18,32): error CS0234: Le nom de type ou d'espace de noms 'Wrap' n'existe pas dans l'espace de noms 'Atlas.Core.Cli' (vous manque-t-il une référence d'assembly ?) [E:\PROJECTS\GITHUB\atlas-assistant\src\Atlas.Core\Atlas.Core.csproj]
E:\PROJECTS\GITHUB\atlas-assistant\src\Atlas.Core\Providers\CopilotProvider.cs(27,32): error CS0234: Le nom de type ou d'espace de noms 'Wrap' n'existe pas dans l'espace de noms 'Atlas.Core.Cli' (vous manque-t-il une référence d'assembly ?) [E:\PROJECTS\GITHUB\atlas-assistant\src\Atlas.Core\Atlas.Core.csproj]
E:\PROJECTS\GITHUB\atlas-assistant\src\Atlas.Core\Providers\ClaudeProvider.cs(27,32): error CS0234: Le nom de type ou d'espace de noms 'Wrap' n'existe pas dans l'espace de noms 'Atlas.Core.Cli' (vous manque-t-il une référence d'assembly ?) [E:\PROJECTS\GITHUB\atlas-assistant\src\Atlas.Core\Atlas.Core.csproj]
E:\PROJECTS\GITHUB\atlas-assistant\src\Atlas.Core\Skills\ShellCommandSkill.cs(63,32): error CS0234: Le nom de type ou d'espace de noms 'Wrap' n'existe pas dans l'espace de noms 'Atlas.Core.Cli' (vous manque-t-il une référence d'assembly ?) [E:\PROJECTS\GITHUB\atlas-assistant\src\Atlas.Core\Atlas.Core.csproj]
E:\PROJECTS\GITHUB\atlas-assistant\src\Atlas.Core\Installers\GeminiInstaller.cs(38,32): error CS0234: Le nom de type ou d'espace de noms 'Wrap' n'existe pas dans l'espace de noms 'Atlas.Core.Cli' (vous manque-t-il une référence d'assembly ?) [E:\PROJECTS\GITHUB\atlas-assistant\src\Atlas.Core\Atlas.Core.csproj]
E:\PROJECTS\GITHUB\atlas-assistant\src\Atlas.Core\Installers\CopilotInstaller.cs(38,33): error CS0234: Le nom de type ou d'espace de noms 'Wrap' n'existe pas dans l'espace de noms 'Atlas.Core.Cli' (vous manque-t-il une référence d'assembly ?) [E:\PROJECTS\GITHUB\atlas-assistant\src\Atlas.Core\Atlas.Core.csproj]
E:\PROJECTS\GITHUB\atlas-assistant\src\Atlas.Core\Providers\CodexProvider.cs(30,32): error CS0234: Le nom de type ou d'espace de noms 'Wrap' n'existe pas dans l'espace de noms 'Atlas.Core.Cli' (vous manque-t-il une référence d'assembly ?) [E:\PROJECTS\GITHUB\atlas-assistant\src\Atlas.Core\Atlas.Core.csproj]
E:\PROJECTS\GITHUB\atlas-assistant\src\Atlas.Core\Providers\CodexProvider.cs(38,32): error CS0234: Le nom de type ou d'espace de noms 'Wrap' n'existe pas dans l'espace de noms 'Atlas.Core.Cli' (vous manque-t-il une référence d'assembly ?) [E:\PROJECTS\GITHUB\atlas-assistant\src\Atlas.Core\Atlas.Core.csproj]
E:\PROJECTS\GITHUB\atlas-assistant\src\Atlas.Core\Installers\CopilotInstaller.cs(64,32): error CS0234: Le nom de type ou d'espace de noms 'Wrap' n'existe pas dans l'espace de noms 'Atlas.Core.Cli' (vous manque-t-il une référence d'assembly ?) [E:\PROJECTS\GITHUB\atlas-assistant\src\Atlas.Core\Atlas.Core.csproj]
    0 Avertissement(s)
    15 Erreur(s)

Temps écoulé 00:00:01.12
